Error in FUN(newX[, i], ...) : invalid 'type' (character) of argument
Calls: prov.capture ... .ddg.parse.commands -> withCallingHandlers -> eval -> eval -> apply
Execution halted
